------------------------------------------------------------
Timing Analyzer Summary
------------------------------------------------------------

Type  : Slow 1100mV 85C Model Setup 'KEY[1]'
Slack : -4.786
TNS   : -265.111

Type  : Slow 1100mV 85C Model Hold 'KEY[1]'
Slack : 0.306
TNS   : 0.000

Type  : Slow 1100mV 85C Model Minimum Pulse Width 'KEY[1]'
Slack : -2.174
TNS   : -130.682

Type  : Slow 1100mV 0C Model Setup 'KEY[1]'
Slack : -4.858
TNS   : -260.017

Type  : Slow 1100mV 0C Model Hold 'KEY[1]'
Slack : 0.292
TNS   : 0.000

Type  : Slow 1100mV 0C Model Minimum Pulse Width 'KEY[1]'
Slack : -2.174
TNS   : -125.133

Type  : Fast 1100mV 85C Model Setup 'KEY[1]'
Slack : -2.279
TNS   : -123.975

Type  : Fast 1100mV 85C Model Hold 'KEY[1]'
Slack : 0.172
TNS   : 0.000

Type  : Fast 1100mV 85C Model Minimum Pulse Width 'KEY[1]'
Slack : -2.174
TNS   : -92.998

Type  : Fast 1100mV 0C Model Setup 'KEY[1]'
Slack : -2.181
TNS   : -106.259

Type  : Fast 1100mV 0C Model Hold 'KEY[1]'
Slack : 0.161
TNS   : 0.000

Type  : Fast 1100mV 0C Model Minimum Pulse Width 'KEY[1]'
Slack : -2.174
TNS   : -90.652

------------------------------------------------------------
